std_abs.h:74:3:constexpr float std::abs(float)	16	static
as5048a.cpp:6:1:AS5048A::AS5048A(SPI_HandleTypeDef*, GPIO_TypeDef*, uint16_t, TIM_HandleTypeDef*)	24	static
as5048a.cpp:23:6:void AS5048A::init()	16	static
as5048a.cpp:45:6:void AS5048A::close()	16	static
as5048a.cpp:56:6:void AS5048A::open()	16	static
as5048a.cpp:66:9:uint8_t AS5048A::spiCalcEvenParity(uint16_t)	24	static
as5048a.cpp:86:10:uint16_t AS5048A::read(uint16_t)	24	static
as5048a.cpp:126:10:uint16_t AS5048A::write(uint16_t, uint16_t)	24	static
as5048a.cpp:177:10:uint16_t AS5048A::getRawRotation()	16	static
as5048a.cpp:185:5:int AS5048A::getRotation()	24	static
as5048a.cpp:201:10:uint16_t AS5048A::getState()	16	static
as5048a.cpp:208:9:uint8_t AS5048A::error()	16	static
as5048a.cpp:215:9:uint8_t AS5048A::getGain()	24	static
as5048a.cpp:223:10:uint16_t AS5048A::getErrors()	16	static
as5048a.cpp:230:6:void AS5048A::setZeroPosition(uint16_t)	16	static
as5048a.cpp:237:10:uint16_t AS5048A::getZeroPosition()	16	static
cmath:290:5:constexpr typename __gnu_cxx::__promote_2<_Tp, _Up>::__type std::fmod(_Tp, _Up) [with _Tp = float; _Up = int]	24	static
as5048a.cpp:244:7:float AS5048A::normalize(float)	24	static
as5048a.cpp:262:7:float AS5048A::read2angle(uint16_t)	16	static
as5048a.cpp:274:7:float AS5048A::getAngleInRad()	32	static
as5048a.cpp:300:7:float AS5048A::getVelocity()	40	static
as5048a.cpp:331:7:float AS5048A::initRelativeZero()	24	static
as5048a.cpp:345:5:int AS5048A::hasAbsoluteZero()	16	static
as5048a.cpp:354:5:int AS5048A::needsAbsoluteZeroSearch()	16	static
as5048a.cpp:362:7:float AS5048A::initAbsoluteZero()	32	static
