cmath:165:3:constexpr float std::ceil(float)	16	static
ina226.cpp:4:1:INA226::INA226(I2C_HandleTypeDef*)	16	static
ina226.cpp:8:6:bool INA226::init(uint8_t)	16	static
ina226.cpp:14:6:bool INA226::configure(ina226_averages_t, ina226_busConvTime_t, ina226_shuntConvTime_t, ina226_mode_t)	24	static
ina226.cpp:28:6:bool INA226::calibrate(float, float)	40	static
ina226.cpp:55:6:void INA226::checkConfig()	24	static
ina226.cpp:122:7:float INA226::getMaxPossibleCurrent()	16	static
ina226.cpp:127:7:float INA226::getMaxCurrent()	24	static
ina226.cpp:141:7:float INA226::getMaxShuntVoltage()	24	static
ina226.cpp:154:7:float INA226::getMaxPower()	16	static
ina226.cpp:159:7:float INA226::readBusPower()	16	static
ina226.cpp:164:7:float INA226::readShuntCurrent()	16	static
ina226.cpp:169:7:float INA226::readShuntVoltage()	32	static
ina226.cpp:178:7:float INA226::readBusVoltage()	32	static
ina226.cpp:187:19:ina226_averages_t INA226::getAverages()	24	static
ina226.cpp:198:22:ina226_busConvTime_t INA226::getBusConversionTime()	24	static
ina226.cpp:209:24:ina226_shuntConvTime_t INA226::getShuntConversionTime()	24	static
ina226.cpp:220:15:ina226_mode_t INA226::getMode()	24	static
ina226.cpp:230:6:void INA226::setMaskEnable(uint16_t)	16	static
ina226.cpp:235:10:uint16_t INA226::getMaskEnable()	16	static
ina226.cpp:240:6:void INA226::enableShuntOverLimitAlert()	16	static
ina226.cpp:245:6:void INA226::enableShuntUnderLimitAlert()	16	static
ina226.cpp:250:6:void INA226::enableBusOvertLimitAlert()	16	static
ina226.cpp:255:6:void INA226::enableBusUnderLimitAlert()	16	static
ina226.cpp:260:6:void INA226::enableOverPowerLimitAlert()	16	static
ina226.cpp:265:6:void INA226::enableConversionReadyAlert()	16	static
ina226.cpp:270:6:void INA226::setBusVoltageLimit(float)	32	static
ina226.cpp:276:6:void INA226::setShuntVoltageLimit(float)	24	static
ina226.cpp:282:6:void INA226::setPowerLimit(float)	24	static
ina226.cpp:288:6:void INA226::setAlertInvertedPolarity(bool)	24	static
ina226.cpp:303:6:void INA226::setAlertLatch(bool)	24	static
ina226.cpp:318:6:bool INA226::isMathOverflow()	16	static
ina226.cpp:323:6:bool INA226::isAlert()	16	static
ina226.cpp:328:9:int16_t INA226::readRegister16(uint8_t)	40	static
ina226.cpp:340:6:void INA226::writeRegister16(uint8_t, uint16_t)	32	static
