stm32f3xx_it.c:80:6:NMI_Handler	4	static
stm32f3xx_it.c:93:6:HardFault_Handler	8	static
stm32f3xx_it.c:111:6:MemManage_Handler	4	static
stm32f3xx_it.c:126:6:BusFault_Handler	4	static
stm32f3xx_it.c:141:6:UsageFault_Handler	4	static
stm32f3xx_it.c:156:6:DebugMon_Handler	4	static
stm32f3xx_it.c:176:6:DMA1_Channel2_IRQHandler	8	static
stm32f3xx_it.c:190:6:DMA1_Channel3_IRQHandler	8	static
stm32f3xx_it.c:204:6:DMA1_Channel5_IRQHandler	8	static
stm32f3xx_it.c:218:6:DMA1_Channel6_IRQHandler	8	static
stm32f3xx_it.c:232:6:DMA1_Channel7_IRQHandler	8	static
stm32f3xx_it.c:246:6:TIM1_UP_TIM16_IRQHandler	8	static
stm32f3xx_it.c:260:6:TIM4_IRQHandler	8	static
stm32f3xx_it.c:274:6:I2C1_EV_IRQHandler	8	static
stm32f3xx_it.c:288:6:I2C1_ER_IRQHandler	8	static
stm32f3xx_it.c:302:6:SPI1_IRQHandler	8	static
stm32f3xx_it.c:316:6:USART1_IRQHandler	8	static
